0 verbose cli /usr/local/nvm/versions/node/v24.15.0/bin/node /usr/local/nvm/versions/node/v24.15.0/lib/node_modules/npm/bin/npm-cli.js
1 info using npm@11.14.1
2 info using node@v24.15.0
3 silly config load:file:/usr/local/nvm/versions/node/v24.15.0/lib/node_modules/npm/npmrc
4 silly config load:file:/home/learnwithak2004/.npmrc
5 silly config load:file:/usr/local/nvm/versions/node/v24.15.0/etc/npmrc
6 verbose title npm exec firebase-tools@latest deploy
7 verbose argv "exec" "--yes" "--" "firebase-tools@latest" "deploy"
8 verbose logfile logs-max:10 dir:/home/learnwithak2004/.npm/_logs/2026-05-21T05_45_03_267Z-
9 verbose logfile /home/learnwithak2004/.npm/_logs/2026-05-21T05_45_03_267Z-debug-0.log
10 silly logfile start cleaning logs, removing 1 files
11 silly logfile done cleaning log files
12 silly packumentCache heap:2348810240 maxSize:587202560 maxEntrySize:293601280
13 http fetch GET 200 https://registry.npmjs.org/firebase-tools 104ms (cache revalidated)
14 verbose cwd /home/learnwithak2004
15 verbose os Linux 6.6.137+
16 verbose node v24.15.0
17 verbose npm  v11.14.1
18 verbose exit 0
19 info ok
